2026-08-19T16:25:48.680Z localhost GameFactory 0x5FbDB2315678afecb367f032d93F642f64180aa3
2026-08-19T16:36:55.087Z localhost GameFactory 0x5FbDB2315678afecb367f032d93F642f64180aa3
2026-08-19T16:40:09.303Z localhost GameFactory 0x5FbDB2315678afecb367f032d93F642f64180aa3
2026-08-19T17:08:56.051Z localhost GameFactory 0x5FbDB2315678afecb367f032d93F642f64180aa3
2026-08-19T17:17:35.685Z localhost GameFactory 0x5FbDB2315678afecb367f032d93F642f64180aa3
2026-08-19T17:18:48.106Z localhost GameFactory 0x5FbDB2315678afecb367f032d93F642f64180aa3
2026-08-19T17:32:31.383Z localhost GameFactory 0x5FbDB2315678afecb367f032d93F642f64180aa3
2026-08-19T17:40:08.294Z localhost GameFactory 0x5FbDB2315678afecb367f032d93F642f64180aa3
2026-08-19T17:50:53.160Z localhost GameFactory 0x5FbDB2315678afecb367f032d93F642f64180aa3
2026-08-19T17:54:25.148Z localhost GameFactory 0x5FbDB2315678afecb367f032d93F642f64180aa3
2026-08-19T18:37:51.651Z localhost GameFactory 0xe7f1725E7734CE288F8367e1Bb143E90bb3F0512
2026-08-19T18:38:19.686Z localhost GameFactory 0x5FbDB2315678afecb367f032d93F642f64180aa3
2026-08-19T18:38:33.809Z localhost GameFactory 0x5FbDB2315678afecb367f032d93F642f64180aa3
2026-08-20T05:45:08.241Z localhost GameFactory 0x5FbDB2315678afecb367f032d93F642f64180aa3
2026-08-20T07:41:53.884Z localhost GameFactory 0x5FbDB2315678afecb367f032d93F642f64180aa3
2026-08-20T08:06:25.194Z localhost GameFactory 0x5FbDB2315678afecb367f032d93F642f64180aa3
2026-08-20T10:44:50.973Z localhost GameFactory 0x5FbDB2315678afecb367f032d93F642f64180aa3
2026-08-20T10:56:25.784Z localhost GameFactory 0x5FbDB2315678afecb367f032d93F642f64180aa3
2026-08-20T12:28:14.007Z localhost GameFactory 0x5FbDB2315678afecb367f032d93F642f64180aa3
2026-08-20T12:37:03.004Z localhost GameFactory 0x5FbDB2315678afecb367f032d93F642f64180aa3
2026-08-20T12:38:04.265Z localhost GameFactory 0x5FbDB2315678afecb367f032d93F642f64180aa3
2026-08-20T15:56:26.924Z localhost GameFactory 0x5FbDB2315678afecb367f032d93F642f64180aa3
2026-08-20T15:59:45.945Z localhost GameFactory 0x5FbDB2315678afecb367f032d93F642f64180aa3
2026-08-20T16:04:09.851Z localhost GameFactory 0x5FbDB2315678afecb367f032d93F642f64180aa3
2026-08-20T16:06:49.115Z localhost GameFactory 0x5FbDB2315678afecb367f032d93F642f64180aa3
2026-08-20T16:24:49.456Z localhost GameFactory 0x5FbDB2315678afecb367f032d93F642f64180aa3
2026-08-20T16:27:56.993Z localhost GameFactory 0x5FbDB2315678afecb367f032d93F642f64180aa3
2026-08-20T16:34:55.057Z localhost GameFactory 0x5FbDB2315678afecb367f032d93F642f64180aa3
2026-08-20T16:44:10.810Z localhost GameFactory 0x5FbDB2315678afecb367f032d93F642f64180aa3
2026-08-20T16:47:06.799Z localhost GameFactory 0x5FbDB2315678afecb367f032d93F642f64180aa3
2026-08-20T17:06:29.762Z localhost GameFactory 0x5FbDB2315678afecb367f032d93F642f64180aa3
2026-08-20T17:07:11.327Z localhost GameFactory 0x5FbDB2315678afecb367f032d93F642f64180aa3
2026-08-20T17:07:42.270Z localhost GameFactory 0x5FbDB2315678afecb367f032d93F642f64180aa3
2026-08-20T17:09:53.328Z localhost GameFactory 0x5FbDB2315678afecb367f032d93F642f64180aa3
2026-08-21T05:16:17.960Z localhost GameFactory 0x5FbDB2315678afecb367f032d93F642f64180aa3
2026-08-21T05:20:47.076Z localhost GameFactory 0x5FbDB2315678afecb367f032d93F642f64180aa3
2026-08-21T05:32:54.190Z localhost GameFactory 0x5FbDB2315678afecb367f032d93F642f64180aa3
2026-08-21T05:54:32.334Z localhost GameFactory 0x5FbDB2315678afecb367f032d93F642f64180aa3
2026-08-21T06:02:24.341Z localhost GameFactory 0x5FbDB2315678afecb367f032d93F642f64180aa3
2026-08-21T06:13:09.587Z localhost GameFactory 0x5FbDB2315678afecb367f032d93F642f64180aa3
2026-08-21T06:26:27.261Z localhost GameFactory 0x5FbDB2315678afecb367f032d93F642f64180aa3
2026-08-21T06:34:49.865Z localhost GameFactory 0x5FbDB2315678afecb367f032d93F642f64180aa3
2026-08-21T06:41:28.200Z localhost GameFactory 0x5FbDB2315678afecb367f032d93F642f64180aa3
2026-08-21T10:36:25.246Z localhost GameFactory 0x5FbDB2315678afecb367f032d93F642f64180aa3
2026-08-21T15:05:31.397Z localhost GameFactory 0x5FbDB2315678afecb367f032d93F642f64180aa3
2026-08-21T17:16:51.919Z localhost GameFactory 0x5FbDB2315678afecb367f032d93F642f64180aa3
2026-08-21T17:34:50.299Z localhost GameFactory 0x5FbDB2315678afecb367f032d93F642f64180aa3
2026-08-21T17:35:25.116Z localhost GameFactory 0x5FbDB2315678afecb367f032d93F642f64180aa3
2026-08-21T17:54:00.428Z localhost GameFactory 0x5FbDB2315678afecb367f032d93F642f64180aa3
2026-08-22T07:00:16.583Z localhost GameFactory 0x5FbDB2315678afecb367f032d93F642f64180aa3
2026-08-22T07:10:44.996Z localhost GameFactory 0x5FbDB2315678afecb367f032d93F642f64180aa3
2026-08-22T07:45:57.809Z localhost GameFactory 0x5FbDB2315678afecb367f032d93F642f64180aa3
2026-08-22T08:59:27.450Z localhost GameFactory 0x5FbDB2315678afecb367f032d93F642f64180aa3
2026-08-22T09:28:59.186Z localhost GameFactory 0x5FbDB2315678afecb367f032d93F642f64180aa3
2026-08-22T10:46:20.918Z localhost GameFactory 0x5FbDB2315678afecb367f032d93F642f64180aa3
2026-08-22T10:52:50.549Z localhost GameFactory 0x5FbDB2315678afecb367f032d93F642f64180aa3
2026-08-22T11:13:39.219Z localhost GameFactory 0x5FbDB2315678afecb367f032d93F642f64180aa3
2026-08-22T15:55:09.673Z localhost GameFactory 0x5FbDB2315678afecb367f032d93F642f64180aa3
2026-08-22T16:22:34.136Z localhost GameFactory 0x5FbDB2315678afecb367f032d93F642f64180aa3
2026-08-22T16:33:11.475Z localhost GameFactory 0x5FbDB2315678afecb367f032d93F642f64180aa3
2026-08-22T17:00:02.571Z localhost GameFactory 0x5FbDB2315678afecb367f032d93F642f64180aa3
2026-08-22T17:24:25.073Z localhost GameFactory 0x5FbDB2315678afecb367f032d93F642f64180aa3
2026-08-22T17:34:29.885Z localhost GameFactory 0x5FbDB2315678afecb367f032d93F642f64180aa3
2026-08-22T17:49:25.646Z localhost GameFactory 0x5FbDB2315678afecb367f032d93F642f64180aa3
2026-08-22T19:13:37.793Z localhost GameFactory 0x5FbDB2315678afecb367f032d93F642f64180aa3
2026-08-22T19:36:32.842Z localhost GameFactory 0x5FbDB2315678afecb367f032d93F642f64180aa3
2026-08-22T20:14:14.181Z localhost GameFactory 0x5FbDB2315678afecb367f032d93F642f64180aa3
2026-08-23T07:25:53.886Z localhost GameFactory 0x5FbDB2315678afecb367f032d93F642f64180aa3
2026-08-23T09:29:16.794Z localhost GameFactory 0x5FbDB2315678afecb367f032d93F642f64180aa3
2026-08-23T09:50:51.351Z localhost GameFactory 0x5FbDB2315678afecb367f032d93F642f64180aa3
2026-08-23T10:05:45.855Z localhost GameFactory 0x5FbDB2315678afecb367f032d93F642f64180aa3
2026-08-23T10:11:30.424Z localhost GameFactory 0x5FbDB2315678afecb367f032d93F642f64180aa3
2026-08-23T10:11:51.583Z localhost GameFactory 0x5FbDB2315678afecb367f032d93F642f64180aa3
2026-08-23T10:55:09.596Z localhost GameFactory 0x5FbDB2315678afecb367f032d93F642f64180aa3
2026-08-23T12:18:16.895Z localhost GameFactory 0x5FbDB2315678afecb367f032d93F642f64180aa3
2026-08-23T12:21:58.631Z localhost GameFactory 0x5FbDB2315678afecb367f032d93F642f64180aa3
2026-08-23T12:31:57.328Z localhost GameFactory 0x5FbDB2315678afecb367f032d93F642f64180aa3
2026-08-23T12:57:47.033Z localhost GameFactory 0x5FbDB2315678afecb367f032d93F642f64180aa3
2026-08-23T13:12:38.217Z localhost GameFactory 0x5FbDB2315678afecb367f032d93F642f64180aa3
2026-08-23T14:14:34.751Z localhost GameFactory 0x5FbDB2315678afecb367f032d93F642f64180aa3
2026-08-23T14:21:39.955Z localhost GameFactory 0x5FbDB2315678afecb367f032d93F642f64180aa3
2026-08-23T14:49:12.629Z localhost GameFactory 0x5FbDB2315678afecb367f032d93F642f64180aa3
2026-08-23T14:53:43.161Z localhost GameFactory 0x5FbDB2315678afecb367f032d93F642f64180aa3
2026-08-23T18:20:27.834Z localhost GameFactory 0x5FbDB2315678afecb367f032d93F642f64180aa3
2026-08-23T19:24:06.180Z localhost GameFactory 0x5FbDB2315678afecb367f032d93F642f64180aa3
2026-08-23T20:12:55.628Z localhost GameFactory 0x5FbDB2315678afecb367f032d93F642f64180aa3
2026-08-23T20:20:49.423Z localhost GameFactory 0x5FbDB2315678afecb367f032d93F642f64180aa3
2026-08-23T21:19:50.497Z hardhat Roulette 0x5FbDB2315678afecb367f032d93F642f64180aa3
2026-08-23T21:19:50.498Z hardhat Polygons 0xe7f1725E7734CE288F8367e1Bb143E90bb3F0512
2026-08-23T21:19:50.498Z hardhat GameFactory 0x9fE46736679d2D9a65F0992F2272dE9f3c7fa6e0
2026-08-24T11:19:45.560Z localhost Roulette 0x5FbDB2315678afecb367f032d93F642f64180aa3
2026-08-24T11:19:45.560Z localhost GameFactory 0xe7f1725E7734CE288F8367e1Bb143E90bb3F0512
2026-08-24T11:32:59.817Z localhost Roulette 0x5FbDB2315678afecb367f032d93F642f64180aa3
2026-08-24T11:32:59.818Z localhost GameFactory 0xe7f1725E7734CE288F8367e1Bb143E90bb3F0512
2026-09-03T10:17:17.656Z localhost Roulette 0x5FbDB2315678afecb367f032d93F642f64180aa3
2026-09-03T10:17:17.656Z localhost GameFactory 0xe7f1725E7734CE288F8367e1Bb143E90bb3F0512
2026-09-03T10:35:40.733Z localhost Roulette 0x5FbDB2315678afecb367f032d93F642f64180aa3
2026-09-03T10:35:40.734Z localhost GameFactory 0xe7f1725E7734CE288F8367e1Bb143E90bb3F0512
